// Jest Snapshot v1, https://goo.gl/fbAQLP

exports[`src/components/InputBase.vue when component is mounted should renders html correctly 1`] = `
<div class="field">
  <!---->
  <div class="control"><input type="text" class="input"></div>
</div>
`;
