// Jest Snapshot v1, https://goo.gl/fbAQLP

exports[`src/App.vue when component is mounted should renders correctly 1`] = `
<div
  id="app"
>
  <router-view-stub
    name="default"
  />
</div>
`;
